// Vitest Snapshot v1, https://vitest.dev/guide/snapshot.html

exports[`formatText > 主盘九宫格快照 1`] = `
"节气：春分（2009-03-20交）  阳遁六局（春分下元）
符头：甲戌（下元）  旬首：甲午（遁辛）  时旬序：2
值符：天英 落巽四宫  值使：景门 落坤二宫
四柱：己丑年 丁卯月 丙子日 丙申时
+----------------+----------------+----------------+
|值符 巽四宫     |螣蛇 离九宫     |太阴 坤二宫     |
|天英 辛         |天芮/天禽 乙癸  |天柱 己         |
|伤门            |杜门            |景门            |
|地 丙           |地 辛           |地 乙癸         |
+----------------+----------------+----------------+
|九天 震三宫     |　 中五宫阳六局 |六合 兑七宫     |
|天辅 丙         |　              |天心 戊         |
|生门            |（中宫）        |死门            |
|地 丁           |地 乙           |地 己           |
+----------------+----------------+----------------+
|九地 艮八宫     |玄武 坎一宫     |白虎 乾六宫     |
|天冲 丁         |天任 庚         |天蓬 壬         |
|休门            |开门            |惊门            |
|地 庚           |地 壬           |地 戊           |
+----------------+----------------+----------------+
"
`;
